// Jest Snapshot v1, https://goo.gl/fbAQLP

exports[`renders app component snapshot 1`] = `
Object {
  "asFragment": [Function],
  "baseElement": <body>
    <div>
      <div
        class="App"
      >
        <header>
          <div>
            <img
              alt="Brand"
              class="brand-logo"
              src="brand.png"
            />
            <h1>
              Space Traveler's Hub
            </h1>
          </div>
          <nav>
            <ul>
              <li>
                <a
                  aria-current="page"
                  class="active"
                  href="/"
                >
                   Rockets
                </a>
              </li>
              <li
                class="nav-cutter"
              >
                <a
                  class=""
                  href="/missions"
                >
                  Missions
                </a>
              </li>
              <li>
                <a
                  class="my-profile"
                  href="/profile"
                >
                  My profile
                </a>
              </li>
            </ul>
          </nav>
        </header>
        <section
          class="section-containers section-rockets"
        >
          <div
            class="rockets-container"
          />
        </section>
      </div>
      ,
    </div>
  </body>,
  "container": <div>
    <div
      class="App"
    >
      <header>
        <div>
          <img
            alt="Brand"
            class="brand-logo"
            src="brand.png"
          />
          <h1>
            Space Traveler's Hub
          </h1>
        </div>
        <nav>
          <ul>
            <li>
              <a
                aria-current="page"
                class="active"
                href="/"
              >
                 Rockets
              </a>
            </li>
            <li
              class="nav-cutter"
            >
              <a
                class=""
                href="/missions"
              >
                Missions
              </a>
            </li>
            <li>
              <a
                class="my-profile"
                href="/profile"
              >
                My profile
              </a>
            </li>
          </ul>
        </nav>
      </header>
      <section
        class="section-containers section-rockets"
      >
        <div
          class="rockets-container"
        />
      </section>
    </div>
    ,
  </div>,
  "debug": [Function],
  "findAllByAltText": [Function],
  "findAllByDisplayValue": [Function],
  "findAllByLabelText": [Function],
  "findAllByPlaceholderText": [Function],
  "findAllByRole": [Function],
  "findAllByTestId": [Function],
  "findAllByText": [Function],
  "findAllByTitle": [Function],
  "findByAltText": [Function],
  "findByDisplayValue": [Function],
  "findByLabelText": [Function],
  "findByPlaceholderText": [Function],
  "findByRole": [Function],
  "findByTestId": [Function],
  "findByText": [Function],
  "findByTitle": [Function],
  "getAllByAltText": [Function],
  "getAllByDisplayValue": [Function],
  "getAllByLabelText": [Function],
  "getAllByPlaceholderText": [Function],
  "getAllByRole": [Function],
  "getAllByTestId": [Function],
  "getAllByText": [Function],
  "getAllByTitle": [Function],
  "getByAltText": [Function],
  "getByDisplayValue": [Function],
  "getByLabelText": [Function],
  "getByPlaceholderText": [Function],
  "getByRole": [Function],
  "getByTestId": [Function],
  "getByText": [Function],
  "getByTitle": [Function],
  "queryAllByAltText": [Function],
  "queryAllByDisplayValue": [Function],
  "queryAllByLabelText": [Function],
  "queryAllByPlaceholderText": [Function],
  "queryAllByRole": [Function],
  "queryAllByTestId": [Function],
  "queryAllByText": [Function],
  "queryAllByTitle": [Function],
  "queryByAltText": [Function],
  "queryByDisplayValue": [Function],
  "queryByLabelText": [Function],
  "queryByPlaceholderText": [Function],
  "queryByRole": [Function],
  "queryByTestId": [Function],
  "queryByText": [Function],
  "queryByTitle": [Function],
  "rerender": [Function],
  "unmount": [Function],
}
`;
