// Jest Snapshot v1, https://goo.gl/fbAQLP

exports[`renders rockets component snapshot 1`] = `
<DocumentFragment>
  <section
    class="section-containers section-mission"
  >
    <div>
      <table
        class="table table-striped table-bordered table-hover"
      >
        <thead>
          <tr>
            <th>
              Missions
            </th>
            <th>
              Description
            </th>
            <th>
              Status
            </th>
            <th>
               
            </th>
          </tr>
        </thead>
        <tbody />
      </table>
    </div>
  </section>
</DocumentFragment>
`;
