// Jest Snapshot v1, https://goo.gl/fbAQLP

exports[`renders rockets component snapshot 1`] = `
<DocumentFragment>
  <section
    class="section-containers section-rockets"
  >
    <div
      class="rockets-container"
    />
  </section>
</DocumentFragment>
`;
